<TranslationUnit>
    <FuncDecl>
        <name>
            <Id>main</Id>
        </name>
        <returnType>
            <PrimitiveType>INT</PrimitiveType>
        </returnType>
        <params>
        </params>
        <body>
            <Block>
                <ReturnStmt>
                    <value>
                        <Literal evalType="int" type="INT">0</Literal>
                    </value>
                </ReturnStmt>
            </Block>
        </body>
    </FuncDecl>
    <FuncDecl>
        <name>
            <Id>add</Id>
        </name>
        <returnType>
            <PrimitiveType>INT</PrimitiveType>
        </returnType>
        <params>
            <param>
                <VarDecl>
                    <name>
                        <Id>x</Id>
                    </name>
                    <type>
                        <PrimitiveType>INT</PrimitiveType>
                    </type>
                </VarDecl>
            </param>
            <param>
                <VarDecl>
                    <name>
                        <Id>y</Id>
                    </name>
                    <type>
                        <PrimitiveType>INT</PrimitiveType>
                    </type>
                </VarDecl>
            </param>
        </params>
        <body>
            <Block>
                <ReturnStmt>
                    <value>
                        <BinaryExpr evalType="int" op="ADD">
                            <lhs>
                                <Id evalType="int">x</Id>
                            </lhs>
                            <rhs>
                                <Id evalType="int">y</Id>
                            </rhs>
                        </BinaryExpr>
                    </value>
                </ReturnStmt>
            </Block>
        </body>
    </FuncDecl>
</TranslationUnit>