<TranslationUnit>
    <VarDecl>
        <name>
            <Id>a</Id>
        </name>
        <type>
            <PrimitiveType>INT</PrimitiveType>
        </type>
        <init>
            <Literal evalType="int" type="INT">10</Literal>
        </init>
    </VarDecl>
    <VarDecl>
        <name>
            <Id>c</Id>
        </name>
        <type>
            <PrimitiveType>INT</PrimitiveType>
        </type>
    </VarDecl>
    <VarDecl>
        <name>
            <Id>d</Id>
        </name>
        <type>
            <PrimitiveType>INT</PrimitiveType>
        </type>
        <init>
            <BinaryExpr evalType="int" op="ADD">
                <lhs>
                    <BinaryExpr evalType="int" op="MULTI">
                        <lhs>
                            <Literal evalType="int" type="INT">9</Literal>
                        </lhs>
                        <rhs>
                            <Literal evalType="int" type="INT">10</Literal>
                        </rhs>
                    </BinaryExpr>
                </lhs>
                <rhs>
                    <Literal evalType="int" type="INT">0</Literal>
                </rhs>
            </BinaryExpr>
        </init>
    </VarDecl>
    <VarDecl>
        <name>
            <Id>f</Id>
        </name>
        <type>
            <PrimitiveType>FLOAT</PrimitiveType>
        </type>
    </VarDecl>
    <VarDecl>
        <name>
            <Id>e</Id>
        </name>
        <type>
            <PrimitiveType>FLOAT</PrimitiveType>
        </type>
    </VarDecl>
    <VarDecl>
        <name>
            <Id>abc</Id>
        </name>
        <type>
            <PrimitiveType>FLOAT</PrimitiveType>
        </type>
        <init>
            <Literal evalType="float" type="FLOAT">10.2</Literal>
        </init>
    </VarDecl>
    <VarDecl>
        <name>
            <Id>abe</Id>
        </name>
        <type>
            <PrimitiveType>FLOAT</PrimitiveType>
        </type>
        <init>
            <BinaryExpr evalType="float" op="ADD">
                <lhs>
                    <BinaryExpr evalType="float" op="ADD">
                        <lhs>
                            <Literal evalType="float" type="FLOAT">20.5</Literal>
                        </lhs>
                        <rhs>
                            <Literal evalType="float" type="FLOAT">13.222</Literal>
                        </rhs>
                    </BinaryExpr>
                </lhs>
                <rhs>
                    <Literal evalType="float" type="FLOAT">0.8</Literal>
                </rhs>
            </BinaryExpr>
        </init>
    </VarDecl>
</TranslationUnit>