<TranslationUnit from="0" to="37">
    <VarDecl from="0" to="5">
        <name>
            <Id from="1" to="1">a</Id>
        </name>
        <type>
            <Type from="0" to="0">INT</Type>
        </type>
        <init>
            <Literal from="4" to="4" type="INT">10</Literal>
        </init>
    </VarDecl>
    <VarDecl from="5" to="8">
        <name>
            <Id from="6" to="6">c</Id>
        </name>
        <type>
            <Type from="5" to="5">INT</Type>
        </type>
    </VarDecl>
    <VarDecl from="8" to="17">
        <name>
            <Id from="9" to="9">d</Id>
        </name>
        <type>
            <Type from="8" to="8">INT</Type>
        </type>
        <init>
            <BinaryExpr op="ADD" from="11" to="16">
                <lhs>
                    <BinaryExpr op="MULTI" from="11" to="14">
                        <lhs>
                            <Literal from="12" to="12" type="INT">9</Literal>
                        </lhs>
                        <rhs>
                            <Literal from="14" to="14" type="INT">10</Literal>
                        </rhs>
                    </BinaryExpr>
                </lhs>
                <rhs>
                    <Literal from="16" to="16" type="INT">0</Literal>
                </rhs>
            </BinaryExpr>
        </init>
    </VarDecl>
    <VarDecl from="17" to="20">
        <name>
            <Id from="18" to="18">f</Id>
        </name>
        <type>
            <Type from="17" to="17">FLOAT</Type>
        </type>
    </VarDecl>
    <VarDecl from="20" to="23">
        <name>
            <Id from="21" to="21">e</Id>
        </name>
        <type>
            <Type from="20" to="20">FLOAT</Type>
        </type>
    </VarDecl>
    <VarDecl from="23" to="28">
        <name>
            <Id from="24" to="24">abc</Id>
        </name>
        <type>
            <Type from="23" to="23">FLOAT</Type>
        </type>
        <init>
            <Literal from="27" to="27" type="FLOAT">10.2</Literal>
        </init>
    </VarDecl>
    <VarDecl from="28" to="37">
        <name>
            <Id from="29" to="29">abe</Id>
        </name>
        <type>
            <Type from="28" to="28">FLOAT</Type>
        </type>
        <init>
            <BinaryExpr op="ADD" from="31" to="36">
                <lhs>
                    <BinaryExpr op="ADD" from="31" to="34">
                        <lhs>
                            <Literal from="32" to="32" type="FLOAT">20.5</Literal>
                        </lhs>
                        <rhs>
                            <Literal from="34" to="34" type="FLOAT">13.222</Literal>
                        </rhs>
                    </BinaryExpr>
                </lhs>
                <rhs>
                    <Literal from="36" to="36" type="FLOAT">0.8</Literal>
                </rhs>
            </BinaryExpr>
        </init>
    </VarDecl>
</TranslationUnit>