<nameResolve>
    <def>
        <line>1</line>
        <type>func</type>
        <name>add</name>
    </def>
    <def>
        <line>1</line>
        <type>var</type>
        <name>a</name>
    </def>
    <def>
        <line>1</line>
        <type>var</type>
        <name>b</name>
    </def>
    <ref>
        <line>2</line>
        <type>var</type>
        <name>a</name>
        <refLine>1</refLine>
    </ref>
    <ref>
        <line>2</line>
        <type>var</type>
        <name>b</name>
        <refLine>1</refLine>
    </ref>
    <def>
        <line>5</line>
        <type>func</type>
        <name>main</name>
    </def>
    <def>
        <line>6</line>
        <type>var</type>
        <name>a</name>
    </def>
    <def>
        <line>7</line>
        <type>var</type>
        <name>b</name>
    </def>
    <ref>
        <line>8</line>
        <type>func</type>
        <name>add</name>
        <refLine>1</refLine>
    </ref>
    <ref>
        <line>8</line>
        <type>var</type>
        <name>a</name>
        <refLine>6</refLine>
    </ref>
    <ref>
        <line>8</line>
        <type>var</type>
        <name>b</name>
        <refLine>7</refLine>
    </ref>
</nameResolve>