<nameResolve>
    <def>
        <line>1</line>
        <type>func</type>
        <name>main</name>
    </def>
    <def>
        <line>3</line>
        <type>var</type>
        <name>a</name>
    </def>
    <def>
        <line>4</line>
        <type>var</type>
        <name>b</name>
    </def>
    <ref>
        <line>6</line>
        <type>var</type>
        <name>a</name>
        <refLine>3</refLine>
    </ref>
    <ref>
        <line>6</line>
        <type>var</type>
        <name>b</name>
        <refLine>4</refLine>
    </ref>
    <ref>
        <line>7</line>
        <type>var</type>
        <name>a</name>
        <refLine>3</refLine>
    </ref>
    <ref>
        <line>7</line>
        <type>var</type>
        <name>b</name>
        <refLine>4</refLine>
    </ref>
    <ref>
        <line>7</line>
        <type>var</type>
        <name>b</name>
        <refLine>4</refLine>
    </ref>
    <ref>
        <line>8</line>
        <type>var</type>
        <name>a</name>
        <refLine>3</refLine>
    </ref>
    <ref>
        <line>8</line>
        <type>var</type>
        <name>b</name>
        <refLine>4</refLine>
    </ref>
    <ref>
        <line>9</line>
        <type>var</type>
        <name>a</name>
        <refLine>3</refLine>
    </ref>
    <ref>
        <line>9</line>
        <type>var</type>
        <name>b</name>
        <refLine>4</refLine>
    </ref>
    <ref>
        <line>10</line>
        <type>var</type>
        <name>a</name>
        <refLine>3</refLine>
    </ref>
    <ref>
        <line>10</line>
        <type>var</type>
        <name>b</name>
        <refLine>4</refLine>
    </ref>
    <ref>
        <line>10</line>
        <type>var</type>
        <name>a</name>
        <refLine>3</refLine>
    </ref>
    <ref>
        <line>11</line>
        <type>var</type>
        <name>a</name>
        <refLine>3</refLine>
    </ref>
    <ref>
        <line>12</line>
        <type>var</type>
        <name>a</name>
        <refLine>3</refLine>
    </ref>
    <ref>
        <line>12</line>
        <type>var</type>
        <name>b</name>
        <refLine>4</refLine>
    </ref>
    <ref>
        <line>13</line>
        <type>var</type>
        <name>a</name>
        <refLine>3</refLine>
    </ref>
    <ref>
        <line>13</line>
        <type>var</type>
        <name>b</name>
        <refLine>4</refLine>
    </ref>
    <ref>
        <line>14</line>
        <type>var</type>
        <name>a</name>
        <refLine>3</refLine>
    </ref>
    <ref>
        <line>14</line>
        <type>var</type>
        <name>b</name>
        <refLine>4</refLine>
    </ref>
    <ref>
        <line>15</line>
        <type>var</type>
        <name>a</name>
        <refLine>3</refLine>
    </ref>
    <ref>
        <line>15</line>
        <type>var</type>
        <name>b</name>
        <refLine>4</refLine>
    </ref>
    <ref>
        <line>16</line>
        <type>var</type>
        <name>a</name>
        <refLine>3</refLine>
    </ref>
    <ref>
        <line>16</line>
        <type>var</type>
        <name>b</name>
        <refLine>4</refLine>
    </ref>
    <ref>
        <line>17</line>
        <type>var</type>
        <name>a</name>
        <refLine>3</refLine>
    </ref>
    <ref>
        <line>17</line>
        <type>var</type>
        <name>b</name>
        <refLine>4</refLine>
    </ref>
    <ref>
        <line>18</line>
        <type>var</type>
        <name>a</name>
        <refLine>3</refLine>
    </ref>
</nameResolve>