<nameResolve>
    <def>
        <line>1</line>
        <type>func</type>
        <name>main</name>
    </def>
    <def>
        <line>3</line>
        <type>var</type>
        <name>a</name>
    </def>
    <ref>
        <line>4</line>
        <type>var</type>
        <name>a</name>
        <refLine>3</refLine>
    </ref>
    <ref>
        <line>4</line>
        <type>var</type>
        <name>a</name>
        <refLine>3</refLine>
    </ref>
    <def>
        <line>5</line>
        <type>var</type>
        <name>b</name>
    </def>
    <def>
        <line>8</line>
        <type>var</type>
        <name>a</name>
    </def>
    <ref>
        <line>9</line>
        <type>var</type>
        <name>a</name>
        <refLine>8</refLine>
    </ref>
    <ref>
        <line>9</line>
        <type>var</type>
        <name>a</name>
        <refLine>8</refLine>
    </ref>
    <ref>
        <line>9</line>
        <type>var</type>
        <name>b</name>
        <refLine>5</refLine>
    </ref>
</nameResolve>