<nameResolve>
    <def>
        <line>1</line>
        <type>func</type>
        <name>main</name>
    </def>
    <def>
        <line>2</line>
        <type>var</type>
        <name>a</name>
    </def>
    <def>
        <line>3</line>
        <type>var</type>
        <name>b</name>
    </def>
    <ref>
        <line>4</line>
        <type>var</type>
        <name>a</name>
        <refLine>2</refLine>
    </ref>
    <ref>
        <line>4</line>
        <type>var</type>
        <name>b</name>
        <refLine>3</refLine>
    </ref>
    <ref>
        <line>5</line>
        <type>var</type>
        <name>a</name>
        <refLine>2</refLine>
    </ref>
    <ref>
        <line>5</line>
        <type>var</type>
        <name>b</name>
        <refLine>3</refLine>
    </ref>
    <ref>
        <line>7</line>
        <type>var</type>
        <name>b</name>
        <refLine>3</refLine>
    </ref>
    <ref>
        <line>7</line>
        <type>var</type>
        <name>a</name>
        <refLine>2</refLine>
    </ref>
    <ref>
        <line>10</line>
        <type>var</type>
        <name>a</name>
        <refLine>2</refLine>
    </ref>
    <ref>
        <line>10</line>
        <type>var</type>
        <name>b</name>
        <refLine>3</refLine>
    </ref>
    <ref>
        <line>11</line>
        <type>var</type>
        <name>a</name>
        <refLine>2</refLine>
    </ref>
    <ref>
        <line>11</line>
        <type>var</type>
        <name>b</name>
        <refLine>3</refLine>
    </ref>
</nameResolve>